Flow report for HFTTop
Fri Sep 11 14:36:36 2026
Quartus Prime Version 25.1std.0 Build 1129 10/21/2025 SC Lite Edition


---------------------
; Table of Contents ;
---------------------
  1. Legal Notice
  2. Flow Summary
  3. Flow Settings
  4. Flow Non-Default Global Settings
  5. Flow Elapsed Time
  6. Flow OS Summary
  7. Flow Log
  8. Flow Messages
  9. Flow Suppressed Messages



----------------
; Legal Notice ;
----------------
Copyright (C) 2025  Altera Corporation. All rights reserved.
Your use of Altera Corporation's design tools, logic functions 
and other software and tools, and any partner logic 
functions, and any output files from any of the foregoing 
(including device programming or simulation files), and any 
associated documentation or information are expressly subject 
to the terms and conditions of the Altera Program License 
Subscription Agreement, the Altera Quartus Prime License Agreement,
the Altera IP License Agreement, or other applicable license
agreement, including, without limitation, that your use is for
the sole purpose of programming logic devices manufactured by
Altera and sold by Altera or its authorized distributors.  Please
refer to the Altera Software License Subscription Agreements 
on the Quartus Prime software download page.



+-----------------------------------------------------------------------------------+
; Flow Summary                                                                      ;
+---------------------------------+-------------------------------------------------+
; Flow Status                     ; Successful - Fri Sep 11 14:36:36 2026           ;
; Quartus Prime Version           ; 25.1std.0 Build 1129 10/21/2025 SC Lite Edition ;
; Revision Name                   ; HFTTop                                          ;
; Top-level Entity Name           ; HFTTop                                          ;
; Family                          ; Cyclone V                                       ;
; Device                          ; 5CSEMA5F31C6                                    ;
; Timing Models                   ; Final                                           ;
; Logic utilization (in ALMs)     ; 1,200 / 32,070 ( 4 % )                          ;
; Total registers                 ; 1130                                            ;
; Total pins                      ; 46 / 457 ( 10 % )                               ;
; Total virtual pins              ; 0                                               ;
; Total block memory bits         ; 32,768 / 4,065,280 ( < 1 % )                    ;
; Total DSP Blocks                ; 2 / 87 ( 2 % )                                  ;
; Total HSSI RX PCSs              ; 0                                               ;
; Total HSSI PMA RX Deserializers ; 0                                               ;
; Total HSSI TX PCSs              ; 0                                               ;
; Total HSSI PMA TX Serializers   ; 0                                               ;
; Total PLLs                      ; 0 / 6 ( 0 % )                                   ;
; Total DLLs                      ; 1 / 4 ( 25 % )                                  ;
+---------------------------------+-------------------------------------------------+


+-----------------------------------------+
; Flow Settings                           ;
+-------------------+---------------------+
; Option            ; Setting             ;
+-------------------+---------------------+
; Start date & time ; 09/11/2026 13:44:04 ;
; Main task         ; Compilation         ;
; Revision Name     ; HFTTop              ;
+-------------------+---------------------+


+-----------------------------------------------------------------------------------------------------------------------------------------------------------------------------------------------+
; Flow Non-Default Global Settings                                                                                                                                                              ;
+---------------------------------+--------------------------------------------------------------------------+---------------+------------------------------+-----------------------------------+
; Assignment Name                 ; Value                                                                    ; Default Value ; Entity Name                  ; Section Id                        ;
+---------------------------------+--------------------------------------------------------------------------+---------------+------------------------------+-----------------------------------+
; COMPILER_SIGNATURE_ID           ; 4986999292243.178915584144912                                            ; --            ; --                           ; --                                ;
; EDA_GENERATE_FUNCTIONAL_NETLIST ; Off                                                                      ; --            ; --                           ; eda_board_design_timing           ;
; EDA_GENERATE_FUNCTIONAL_NETLIST ; Off                                                                      ; --            ; --                           ; eda_board_design_boundary_scan    ;
; EDA_GENERATE_FUNCTIONAL_NETLIST ; Off                                                                      ; --            ; --                           ; eda_board_design_signal_integrity ;
; EDA_GENERATE_FUNCTIONAL_NETLIST ; Off                                                                      ; --            ; --                           ; eda_board_design_symbol           ;
; EDA_OUTPUT_DATA_FORMAT          ; Verilog Hdl                                                              ; --            ; --                           ; eda_simulation                    ;
; EDA_SIMULATION_TOOL             ; Questa Altera FPGA (Verilog)                                             ; <None>        ; --                           ; --                                ;
; EDA_TIME_SCALE                  ; 1 ps                                                                     ; --            ; --                           ; eda_simulation                    ;
; HPS_ISW_FILE                    ; Software/HPSfgpa2/synthesis/submodules/sequencer/alt_types.pre.h         ; --            ; HPSfgpa2_hps_0_hps_io_border ; --                                ;
; HPS_ISW_FILE                    ; Software/HPSfgpa2/synthesis/submodules/sequencer/emif.pre.xml            ; --            ; HPSfgpa2_hps_0_hps_io_border ; --                                ;
; HPS_ISW_FILE                    ; Software/HPSfgpa2/synthesis/submodules/sequencer/sdram_io.pre.h          ; --            ; HPSfgpa2_hps_0_hps_io_border ; --                                ;
; HPS_ISW_FILE                    ; Software/HPSfgpa2/synthesis/submodules/sequencer/sequencer.pre.c         ; --            ; HPSfgpa2_hps_0_hps_io_border ; --                                ;
; HPS_ISW_FILE                    ; Software/HPSfgpa2/synthesis/submodules/sequencer/sequencer.pre.h         ; --            ; HPSfgpa2_hps_0_hps_io_border ; --                                ;
; HPS_ISW_FILE                    ; Software/HPSfgpa2/synthesis/submodules/sequencer/sequencer_defines.pre.h ; --            ; HPSfgpa2_hps_0_hps_io_border ; --                                ;
; HPS_ISW_FILE                    ; Software/HPSfgpa2/synthesis/submodules/sequencer/system.pre.h            ; --            ; HPSfgpa2_hps_0_hps_io_border ; --                                ;
; HPS_ISW_FILE                    ; Software/HPSfgpa2/synthesis/submodules/sequencer/tclrpt.pre.c            ; --            ; HPSfgpa2_hps_0_hps_io_border ; --                                ;
; HPS_ISW_FILE                    ; Software/HPSfgpa2/synthesis/submodules/sequencer/tclrpt.pre.h            ; --            ; HPSfgpa2_hps_0_hps_io_border ; --                                ;
; HPS_ISW_FILE                    ; Software/HPSfgpa2/synthesis/submodules/hps.pre.xml                       ; --            ; HPSfgpa2_hps_0_hps_io_border ; --                                ;
; HPS_PARTITION                   ; On                                                                       ; --            ; HPSfgpa2_hps_0_hps_io_border ; --                                ;
; MAX_CORE_JUNCTION_TEMP          ; 85                                                                       ; --            ; --                           ; --                                ;
; MIN_CORE_JUNCTION_TEMP          ; 0                                                                        ; --            ; --                           ; --                                ;
; MISC_FILE                       ; Software/HPSfgpa2/synthesis/../HPSfgpa2.cmp                              ; --            ; --                           ; --                                ;
; MISC_FILE                       ; Software/HPSfgpa2/synthesis/../../../D                                   ; --            ; --                           ; --                                ;
; MISC_FILE                       ; Software/HPSfgpa2/synthesis/HPSfgpa2_hps_0_hps.svd                       ; --            ; --                           ; --                                ;
; MISC_FILE                       ; Software/HPSfgpa2/synthesis/../../HPSfgpa2.qsys                          ; --            ; --                           ; --                                ;
; MISC_FILE                       ; Software/HPSfgpa2/synthesis/submodules/sequencer/alt_types.pre.h         ; --            ; --                           ; --                                ;
; MISC_FILE                       ; Software/HPSfgpa2/synthesis/submodules/sequencer/emif.pre.xml            ; --            ; --                           ; --                                ;
; MISC_FILE                       ; Software/HPSfgpa2/synthesis/submodules/sequencer/sdram_io.pre.h          ; --            ; --                           ; --                                ;
; MISC_FILE                       ; Software/HPSfgpa2/synthesis/submodules/sequencer/sequencer.pre.c         ; --            ; --                           ; --                                ;
; MISC_FILE                       ; Software/HPSfgpa2/synthesis/submodules/sequencer/sequencer.pre.h         ; --            ; --                           ; --                                ;
; MISC_FILE                       ; Software/HPSfgpa2/synthesis/submodules/sequencer/sequencer_defines.pre.h ; --            ; --                           ; --                                ;
; MISC_FILE                       ; Software/HPSfgpa2/synthesis/submodules/sequencer/system.pre.h            ; --            ; --                           ; --                                ;
; MISC_FILE                       ; Software/HPSfgpa2/synthesis/submodules/sequencer/tclrpt.pre.c            ; --            ; --                           ; --                                ;
; MISC_FILE                       ; Software/HPSfgpa2/synthesis/submodules/sequencer/tclrpt.pre.h            ; --            ; --                           ; --                                ;
; MISC_FILE                       ; Software/HPSfgpa2/synthesis/submodules/hps.pre.xml                       ; --            ; --                           ; --                                ;
; PROJECT_OUTPUT_DIRECTORY        ; output_files                                                             ; --            ; --                           ; --                                ;
; SLD_FILE                        ; Software/HPSfgpa2/synthesis/HPSfgpa2.regmap                              ; --            ; --                           ; --                                ;
; SLD_FILE                        ; Software/HPSfgpa2/synthesis/HPSfgpa2.debuginfo                           ; --            ; --                           ; --                                ;
; SLD_INFO                        ; QSYS_NAME HPSfgpa2 HAS_SOPCINFO 1 GENERATION_ID 1789145608               ; --            ; HPSfgpa2                     ; --                                ;
; SOPCINFO_FILE                   ; Software/HPSfgpa2/synthesis/../../HPSfgpa2.sopcinfo                      ; --            ; --                           ; --                                ;
; SYNTHESIS_ONLY_QIP              ; On                                                                       ; --            ; --                           ; --                                ;
+---------------------------------+--------------------------------------------------------------------------+---------------+------------------------------+-----------------------------------+


+--------------------------------------------------------------------------------------------------------------------------+
; Flow Elapsed Time                                                                                                        ;
+----------------------+--------------+-------------------------+---------------------+------------------------------------+
; Module Name          ; Elapsed Time ; Average Processors Used ; Peak Virtual Memory ; Total CPU Time (on all processors) ;
+----------------------+--------------+-------------------------+---------------------+------------------------------------+
; Analysis & Synthesis ; 00:00:24     ; 1.0                     ; 5078 MB             ; 00:00:36                           ;
; Fitter               ; 00:47:12     ; 1.0                     ; 8551 MB             ; 03:15:58                           ;
; Assembler            ; 00:00:12     ; 1.0                     ; 5289 MB             ; 00:00:09                           ;
; Timing Analyzer      ; 00:00:33     ; 1.5                     ; 5861 MB             ; 00:00:42                           ;
; EDA Netlist Writer   ; 00:00:08     ; 1.0                     ; 4809 MB             ; 00:00:07                           ;
; Total                ; 00:48:29     ; --                      ; --                  ; 03:17:32                           ;
+----------------------+--------------+-------------------------+---------------------+------------------------------------+


+------------------------------------------------------------------------------------+
; Flow OS Summary                                                                    ;
+----------------------+------------------+------------+------------+----------------+
; Module Name          ; Machine Hostname ; OS Name    ; OS Version ; Processor type ;
+----------------------+------------------+------------+------------+----------------+
; Analysis & Synthesis ; BRUCE_T14P       ; Windows 10 ; 10.0       ; x86_64         ;
; Fitter               ; BRUCE_T14P       ; Windows 10 ; 10.0       ; x86_64         ;
; Assembler            ; BRUCE_T14P       ; Windows 10 ; 10.0       ; x86_64         ;
; Timing Analyzer      ; BRUCE_T14P       ; Windows 10 ; 10.0       ; x86_64         ;
; EDA Netlist Writer   ; BRUCE_T14P       ; Windows 10 ; 10.0       ; x86_64         ;
+----------------------+------------------+------------+------------+----------------+


------------
; Flow Log ;
------------
quartus_map --read_settings_files=on --write_settings_files=off HFTTop -c HFTTop
quartus_fit --read_settings_files=off --write_settings_files=off HFTTop -c HFTTop
quartus_asm --read_settings_files=off --write_settings_files=off HFTTop -c HFTTop
quartus_sta HFTTop -c HFTTop
quartus_eda --read_settings_files=off --write_settings_files=off HFTTop -c HFTTop



